// Jest Snapshot v1, https://goo.gl/fbAQLP

exports[`Header tests dad 1`] = `
<div
  className="preloader"
  id="preloader"
>
  <img
    alt="loading..."
    className="preloader__img"
    src="preloader.svg"
  />
</div>
`;
